// Jest Snapshot v1, https://goo.gl/fbAQLP

exports[`<App /> shallow rendering matches the snapshot 1`] = `
<div
  className="App"
>
  <h1>
    Welcome to React
  </h1>
  <h2
    className="blue"
  />
  <button
    className="button"
    onClick={[Function]}
  >
    Change color
  </button>
  <p
    className="button-state"
  >
    No!
  </p>
  <input
    onChange={[Function]}
    type="text"
  />
  <link />
</div>
`;
